dsf
g dfg dfg
